// Jest Snapshot v1, https://goo.gl/fbAQLP

exports[`toHtml add css to head 1`] = `
"<!doctype html>
<html>
    <head>
        <meta charset=\\"UTF-8\\">
        <style>.main-0-0-1 {
  font-style: italic;
}</style>
    </head>
    <body>
        <main class=\\"main-0-0-1\\">
                                hello world
                            </main>
    </body>
</html>"
`;

exports[`toHtml add schema.org to head 1`] = `
"<!doctype html>
<html>
    <head>
        <meta charset=\\"UTF-8\\">
        <script type=\\"application/ld+json\\">{\\"@context\\":\\"https://schema.org\\",\\"@graph\\":[{\\"headline\\":\\"Second post\\",\\"description\\":\\"Some description\\",\\"keywords\\":[\\"javascript\\",\\"rxjs\\"],\\"dateCreated\\":\\"2019-03-03T19:00:00.000-05:00\\",\\"text\\":\\"<p>This is my very first post1</p>\\\\n<pre><code class=\\\\\\"language-ShellSession\\\\\\">$ npm install --save-dev sambal-cli</code></pre>\\\\n<p>Sambal has <a href=\\\\\\"https://webpack.org\\\\\\">webpack</a>, <a href=\\\\\\"https://webpack.org\\\\\\">webpack</a>, <a href=\\\\\\"https://webpack.org\\\\\\">webpack</a> to do with something else</p>\\\\n<pre><code class=\\\\\\"language-js\\\\\\">import {pipe, from, of} from &quot;rxjs&quot;;\\\\nimport {mergeMap, map, groupBy, reduce, toArray} from &quot;rxjs/operators&quot;;\\\\n\\\\nfunction aggregateBy(field) {\\\\n    return pipe(\\\\n        map((data) =&gt; data[field]),\\\\n        mergeMap(fieldValue =&gt; Array.isArray(fieldValue) ? from(fieldValue) : of(fieldValue)),\\\\n        groupBy(v =&gt; v),\\\\n        mergeMap(group$ =&gt;\\\\n            group$.pipe(reduce((acc, cur) =&gt; {\\\\n                acc.count++;\\\\n                return acc;\\\\n            }, {key: group$.key, count: 0}))    \\\\n        ),\\\\n        toArray()\\\\n    );\\\\n}</code></pre>\\\\n\\",\\"@id\\":\\"_:1\\",\\"@context\\":\\"https://schema.org\\",\\"@type\\":\\"BlogPosting\\"}]}</script>
    </head>
    <body>
        <main>
            <p>This is my very first post1</p>
            <pre><code class=\\"language-ShellSession\\">$ npm install --save-dev sambal-cli</code></pre>

            <p>Sambal has <a href=\\"https://webpack.org\\">webpack</a>, <a href=\\"https://webpack.org\\">webpack</a>, <a href=\\"https://webpack.org\\">webpack</a> to do with something else</p>
            <pre><code class=\\"language-js\\">import {pipe, from, of} from &quot;rxjs&quot;;
import {mergeMap, map, groupBy, reduce, toArray} from &quot;rxjs/operators&quot;;

function aggregateBy(field) {
    return pipe(
        map((data) =&gt; data[field]),
        mergeMap(fieldValue =&gt; Array.isArray(fieldValue) ? from(fieldValue) : of(fieldValue)),
        groupBy(v =&gt; v),
        mergeMap(group$ =&gt;
            group$.pipe(reduce((acc, cur) =&gt; {
                acc.count++;
                return acc;
            }, {key: group$.key, count: 0}))    
        ),
        toArray()
    );
}</code></pre>

        </main>
    </body>
</html>"
`;

exports[`toHtml automatically add head if not found 1`] = `
"<!doctype html>
<html>
    <head>
        <style>.main-0-0-2 {
  font-style: italic;
}</style>
    </head>
    <body>
        <main class=\\"main-0-0-2\\">
                                hello world
                            </main>
    </body>
</html>"
`;

exports[`toHtml replace img 1`] = `
"<!doctype html>
<html>
    <head>
        <style>.main-0-0-3 {
  font-style: italic;
}</style>
    </head>
    <body>
        <main class=\\"main-0-0-3\\">
                                hello world
                            <picture>
            <source media=\\"(min-width: 480px)\\" srcset=\\"img1.jpg\\">
            <source media=\\"(min-width: 650px)\\" srcset=\\"img2.jpg\\">
        </picture>
    </main>
</body>
</html>"
`;
